EN cntr_incr_decr_addn_f NULL C:/Users/tariqmuh/Documents/GitHub/ECE552_CamCtl/../../../../../Xilinx/14.2/ISE_DS/EDK/hw/XilinxProcessorIPLib/pcores/proc_common_v3_00_a/hdl/vhdl/cntr_incr_decr_addn_f.vhd sub00/vhpl08 1392672512
AR srl_fifo_rbu_f imp C:/Users/tariqmuh/Documents/GitHub/ECE552_CamCtl/../../../../../Xilinx/14.2/ISE_DS/EDK/hw/XilinxProcessorIPLib/pcores/proc_common_v3_00_a/hdl/vhdl/srl_fifo_rbu_f.vhd sub00/vhpl13 1392672517
AR soft_reset implementation C:/Users/tariqmuh/Documents/GitHub/ECE552_CamCtl/../../../../../Xilinx/14.2/ISE_DS/EDK/hw/XilinxProcessorIPLib/pcores/proc_common_v3_00_a/hdl/vhdl/soft_reset.vhd sub00/vhpl21 1392672525
PH family_support NULL C:/Users/tariqmuh/Documents/GitHub/ECE552_CamCtl/../../../../../Xilinx/14.2/ISE_DS/EDK/hw/XilinxProcessorIPLib/pcores/proc_common_v3_00_a/hdl/vhdl/family_support.vhd sub00/vhpl00 1392672504
EN soft_reset NULL C:/Users/tariqmuh/Documents/GitHub/ECE552_CamCtl/../../../../../Xilinx/14.2/ISE_DS/EDK/hw/XilinxProcessorIPLib/pcores/proc_common_v3_00_a/hdl/vhdl/soft_reset.vhd sub00/vhpl20 1392672524
PH proc_common_pkg NULL C:/Users/tariqmuh/Documents/GitHub/ECE552_CamCtl/../../../../../Xilinx/14.2/ISE_DS/EDK/hw/XilinxProcessorIPLib/pcores/proc_common_v3_00_a/hdl/vhdl/proc_common_pkg.vhd sub00/vhpl02 1392672506
AR pselect_f imp C:/Users/tariqmuh/Documents/GitHub/ECE552_CamCtl/../../../../../Xilinx/14.2/ISE_DS/EDK/hw/XilinxProcessorIPLib/pcores/proc_common_v3_00_a/hdl/vhdl/pselect_f.vhd sub00/vhpl19 1392672523
AR srl_fifo_f imp C:/Users/tariqmuh/Documents/GitHub/ECE552_CamCtl/../../../../../Xilinx/14.2/ISE_DS/EDK/hw/XilinxProcessorIPLib/pcores/proc_common_v3_00_a/hdl/vhdl/srl_fifo_f.vhd sub00/vhpl23 1392672527
EN muxf_struct_f NULL C:/Users/tariqmuh/Documents/GitHub/ECE552_CamCtl/../../../../../Xilinx/14.2/ISE_DS/EDK/hw/XilinxProcessorIPLib/pcores/proc_common_v3_00_a/hdl/vhdl/muxf_struct_f.vhd sub00/vhpl06 1392672510
AR counter_f imp C:/Users/tariqmuh/Documents/GitHub/ECE552_CamCtl/../../../../../Xilinx/14.2/ISE_DS/EDK/hw/XilinxProcessorIPLib/pcores/proc_common_v3_00_a/hdl/vhdl/counter_f.vhd sub00/vhpl15 1392672519
EN muxf_struct NULL C:/Users/tariqmuh/Documents/GitHub/ECE552_CamCtl/../../../../../Xilinx/14.2/ISE_DS/EDK/hw/XilinxProcessorIPLib/pcores/proc_common_v3_00_a/hdl/vhdl/muxf_struct_f.vhd sub00/vhpl04 1392672508
PH ipif_pkg NULL C:/Users/tariqmuh/Documents/GitHub/ECE552_CamCtl/../../../../../Xilinx/14.2/ISE_DS/EDK/hw/XilinxProcessorIPLib/pcores/proc_common_v3_00_a/hdl/vhdl/ipif_pkg.vhd sub00/vhpl16 1392672520
EN counter_f NULL C:/Users/tariqmuh/Documents/GitHub/ECE552_CamCtl/../../../../../Xilinx/14.2/ISE_DS/EDK/hw/XilinxProcessorIPLib/pcores/proc_common_v3_00_a/hdl/vhdl/counter_f.vhd sub00/vhpl14 1392672518
PB family_support family_support C:/Users/tariqmuh/Documents/GitHub/ECE552_CamCtl/../../../../../Xilinx/14.2/ISE_DS/EDK/hw/XilinxProcessorIPLib/pcores/proc_common_v3_00_a/hdl/vhdl/family_support.vhd sub00/vhpl01 1392672505
PB proc_common_pkg proc_common_pkg C:/Users/tariqmuh/Documents/GitHub/ECE552_CamCtl/../../../../../Xilinx/14.2/ISE_DS/EDK/hw/XilinxProcessorIPLib/pcores/proc_common_v3_00_a/hdl/vhdl/proc_common_pkg.vhd sub00/vhpl03 1392672507
AR muxf_struct_f imp C:/Users/tariqmuh/Documents/GitHub/ECE552_CamCtl/../../../../../Xilinx/14.2/ISE_DS/EDK/hw/XilinxProcessorIPLib/pcores/proc_common_v3_00_a/hdl/vhdl/muxf_struct_f.vhd sub00/vhpl07 1392672511
AR dynshreg_f behavioral C:/Users/tariqmuh/Documents/GitHub/ECE552_CamCtl/../../../../../Xilinx/14.2/ISE_DS/EDK/hw/XilinxProcessorIPLib/pcores/proc_common_v3_00_a/hdl/vhdl/dynshreg_f.vhd sub00/vhpl11 1392672515
EN srl_fifo_rbu_f NULL C:/Users/tariqmuh/Documents/GitHub/ECE552_CamCtl/../../../../../Xilinx/14.2/ISE_DS/EDK/hw/XilinxProcessorIPLib/pcores/proc_common_v3_00_a/hdl/vhdl/srl_fifo_rbu_f.vhd sub00/vhpl12 1392672516
EN srl_fifo_f NULL C:/Users/tariqmuh/Documents/GitHub/ECE552_CamCtl/../../../../../Xilinx/14.2/ISE_DS/EDK/hw/XilinxProcessorIPLib/pcores/proc_common_v3_00_a/hdl/vhdl/srl_fifo_f.vhd sub00/vhpl22 1392672526
EN dynshreg_f NULL C:/Users/tariqmuh/Documents/GitHub/ECE552_CamCtl/../../../../../Xilinx/14.2/ISE_DS/EDK/hw/XilinxProcessorIPLib/pcores/proc_common_v3_00_a/hdl/vhdl/dynshreg_f.vhd sub00/vhpl10 1392672514
EN pselect_f NULL C:/Users/tariqmuh/Documents/GitHub/ECE552_CamCtl/../../../../../Xilinx/14.2/ISE_DS/EDK/hw/XilinxProcessorIPLib/pcores/proc_common_v3_00_a/hdl/vhdl/pselect_f.vhd sub00/vhpl18 1392672522
AR muxf_struct imp C:/Users/tariqmuh/Documents/GitHub/ECE552_CamCtl/../../../../../Xilinx/14.2/ISE_DS/EDK/hw/XilinxProcessorIPLib/pcores/proc_common_v3_00_a/hdl/vhdl/muxf_struct_f.vhd sub00/vhpl05 1392672509
PB ipif_pkg ipif_pkg C:/Users/tariqmuh/Documents/GitHub/ECE552_CamCtl/../../../../../Xilinx/14.2/ISE_DS/EDK/hw/XilinxProcessorIPLib/pcores/proc_common_v3_00_a/hdl/vhdl/ipif_pkg.vhd sub00/vhpl17 1392672521
AR cntr_incr_decr_addn_f imp C:/Users/tariqmuh/Documents/GitHub/ECE552_CamCtl/../../../../../Xilinx/14.2/ISE_DS/EDK/hw/XilinxProcessorIPLib/pcores/proc_common_v3_00_a/hdl/vhdl/cntr_incr_decr_addn_f.vhd sub00/vhpl09 1392672513
