V3 63
FL C:/Users/tariqmuh/Documents/GitHub/ECE552_CamCtl/../../../../../Xilinx/14.2/ISE_DS/EDK/hw/XilinxProcessorIPLib/pcores/proc_common_v3_00_a/hdl/vhdl/cntr_incr_decr_addn_f.vhd 2012/07/16.03:35:04 P.28xd
EN proc_common_v3_00_a/cntr_incr_decr_addn_f 1392672512 \
      FL C:/Users/tariqmuh/Documents/GitHub/ECE552_CamCtl/../../../../../Xilinx/14.2/ISE_DS/EDK/hw/XilinxProcessorIPLib/pcores/proc_common_v3_00_a/hdl/vhdl/cntr_incr_decr_addn_f.vhd \
      PB ieee/std_logic_1164 1341906176
AR proc_common_v3_00_a/cntr_incr_decr_addn_f/imp 1392672513 \
      FL C:/Users/tariqmuh/Documents/GitHub/ECE552_CamCtl/../../../../../Xilinx/14.2/ISE_DS/EDK/hw/XilinxProcessorIPLib/pcores/proc_common_v3_00_a/hdl/vhdl/cntr_incr_decr_addn_f.vhd \
      EN proc_common_v3_00_a/cntr_incr_decr_addn_f 1392672512 \
      LB proc_common_v3_00_a PB ieee/NUMERIC_STD 1341906182 LB unisim \
      CP std_logic_vector CP MUXCY_L CP XORCY CP FDS \
      PB proc_common_v3_00_a/family_support 1392672505
FL C:/Users/tariqmuh/Documents/GitHub/ECE552_CamCtl/../../../../../Xilinx/14.2/ISE_DS/EDK/hw/XilinxProcessorIPLib/pcores/proc_common_v3_00_a/hdl/vhdl/counter_f.vhd 2012/07/16.03:35:04 P.28xd
EN proc_common_v3_00_a/counter_f 1392672518 \
      FL C:/Users/tariqmuh/Documents/GitHub/ECE552_CamCtl/../../../../../Xilinx/14.2/ISE_DS/EDK/hw/XilinxProcessorIPLib/pcores/proc_common_v3_00_a/hdl/vhdl/counter_f.vhd \
      PB ieee/std_logic_1164 1341906176 PB ieee/NUMERIC_STD 1341906182 LB unisim \
      LB proc_common_v3_00_a PB proc_common_v3_00_a/family_support 1392672505
AR proc_common_v3_00_a/counter_f/imp 1392672519 \
      FL C:/Users/tariqmuh/Documents/GitHub/ECE552_CamCtl/../../../../../Xilinx/14.2/ISE_DS/EDK/hw/XilinxProcessorIPLib/pcores/proc_common_v3_00_a/hdl/vhdl/counter_f.vhd \
      EN proc_common_v3_00_a/counter_f 1392672518 CP std_logic_vector CP std_logic \
      CP MUXCY_L CP XORCY CP FDRE CP unsigned
FL C:/Users/tariqmuh/Documents/GitHub/ECE552_CamCtl/../../../../../Xilinx/14.2/ISE_DS/EDK/hw/XilinxProcessorIPLib/pcores/proc_common_v3_00_a/hdl/vhdl/dynshreg_f.vhd 2012/07/16.03:35:04 P.28xd
EN proc_common_v3_00_a/dynshreg_f 1392672514 \
      FL C:/Users/tariqmuh/Documents/GitHub/ECE552_CamCtl/../../../../../Xilinx/14.2/ISE_DS/EDK/hw/XilinxProcessorIPLib/pcores/proc_common_v3_00_a/hdl/vhdl/dynshreg_f.vhd \
      PB ieee/std_logic_1164 1341906176 PB ieee/NUMERIC_STD 1341906182 \
      LB proc_common_v3_00_a PB proc_common_v3_00_a/proc_common_pkg 1392672507
AR proc_common_v3_00_a/dynshreg_f/behavioral 1392672515 \
      FL C:/Users/tariqmuh/Documents/GitHub/ECE552_CamCtl/../../../../../Xilinx/14.2/ISE_DS/EDK/hw/XilinxProcessorIPLib/pcores/proc_common_v3_00_a/hdl/vhdl/dynshreg_f.vhd \
      EN proc_common_v3_00_a/dynshreg_f 1392672514 LB proc_common_v3_00_a \
      PB proc_common_v3_00_a/family_support 1392672505 LB unisim CP bo2na_type \
      CP natural CP integer CP std_logic_vector CP SRLC16E CP SRLC32E \
      CP proc_common_v3_00_a/muxf_struct_f CP dataType
FL C:/Users/tariqmuh/Documents/GitHub/ECE552_CamCtl/../../../../../Xilinx/14.2/ISE_DS/EDK/hw/XilinxProcessorIPLib/pcores/proc_common_v3_00_a/hdl/vhdl/family_support.vhd 2012/07/16.03:35:05 P.28xd
PH proc_common_v3_00_a/family_support 1392672504 \
      FL C:/Users/tariqmuh/Documents/GitHub/ECE552_CamCtl/../../../../../Xilinx/14.2/ISE_DS/EDK/hw/XilinxProcessorIPLib/pcores/proc_common_v3_00_a/hdl/vhdl/family_support.vhd
PB proc_common_v3_00_a/family_support 1392672505 \
      FL C:/Users/tariqmuh/Documents/GitHub/ECE552_CamCtl/../../../../../Xilinx/14.2/ISE_DS/EDK/hw/XilinxProcessorIPLib/pcores/proc_common_v3_00_a/hdl/vhdl/family_support.vhd \
      PH proc_common_v3_00_a/family_support 1392672504
FL C:/Users/tariqmuh/Documents/GitHub/ECE552_CamCtl/../../../../../Xilinx/14.2/ISE_DS/EDK/hw/XilinxProcessorIPLib/pcores/proc_common_v3_00_a/hdl/vhdl/ipif_pkg.vhd 2012/07/16.03:35:05 P.28xd
PH proc_common_v3_00_a/ipif_pkg 1392672520 \
      FL C:/Users/tariqmuh/Documents/GitHub/ECE552_CamCtl/../../../../../Xilinx/14.2/ISE_DS/EDK/hw/XilinxProcessorIPLib/pcores/proc_common_v3_00_a/hdl/vhdl/ipif_pkg.vhd \
      PB ieee/std_logic_1164 1341906176 PB ieee/std_logic_arith 1341906177 \
      PB ieee/STD_LOGIC_UNSIGNED 1341906179
PB proc_common_v3_00_a/ipif_pkg 1392672521 \
      FL C:/Users/tariqmuh/Documents/GitHub/ECE552_CamCtl/../../../../../Xilinx/14.2/ISE_DS/EDK/hw/XilinxProcessorIPLib/pcores/proc_common_v3_00_a/hdl/vhdl/ipif_pkg.vhd \
      PH proc_common_v3_00_a/ipif_pkg 1392672520 LB proc_common_v3_00_a \
      PB proc_common_v3_00_a/proc_common_pkg 1392672507
FL C:/Users/tariqmuh/Documents/GitHub/ECE552_CamCtl/../../../../../Xilinx/14.2/ISE_DS/EDK/hw/XilinxProcessorIPLib/pcores/proc_common_v3_00_a/hdl/vhdl/muxf_struct_f.vhd 2012/07/16.03:35:05 P.28xd
EN proc_common_v3_00_a/muxf_struct 1392672508 \
      FL C:/Users/tariqmuh/Documents/GitHub/ECE552_CamCtl/../../../../../Xilinx/14.2/ISE_DS/EDK/hw/XilinxProcessorIPLib/pcores/proc_common_v3_00_a/hdl/vhdl/muxf_struct_f.vhd \
      PB ieee/std_logic_1164 1341906176 LB proc_common_v3_00_a \
      PB proc_common_v3_00_a/proc_common_pkg 1392672507 LB unisim \
      PB proc_common_v3_00_a/family_support 1392672505
AR proc_common_v3_00_a/muxf_struct/imp 1392672509 \
      FL C:/Users/tariqmuh/Documents/GitHub/ECE552_CamCtl/../../../../../Xilinx/14.2/ISE_DS/EDK/hw/XilinxProcessorIPLib/pcores/proc_common_v3_00_a/hdl/vhdl/muxf_struct_f.vhd \
      EN proc_common_v3_00_a/muxf_struct 1392672508 LB proc_common_v3_00_a \
      LB unisim CP natural CP boolean CP proc_common_v3_00_a/muxf_struct CP MUXF5_D \
      CP MUXF6_D CP MUXF7_D CP MUXF8_D CP std_logic
EN proc_common_v3_00_a/muxf_struct_f 1392672510 \
      FL C:/Users/tariqmuh/Documents/GitHub/ECE552_CamCtl/../../../../../Xilinx/14.2/ISE_DS/EDK/hw/XilinxProcessorIPLib/pcores/proc_common_v3_00_a/hdl/vhdl/muxf_struct_f.vhd \
      PB ieee/std_logic_1164 1341906176 LB proc_common_v3_00_a \
      PB proc_common_v3_00_a/proc_common_pkg 1392672507
AR proc_common_v3_00_a/muxf_struct_f/imp 1392672511 \
      FL C:/Users/tariqmuh/Documents/GitHub/ECE552_CamCtl/../../../../../Xilinx/14.2/ISE_DS/EDK/hw/XilinxProcessorIPLib/pcores/proc_common_v3_00_a/hdl/vhdl/muxf_struct_f.vhd \
      EN proc_common_v3_00_a/muxf_struct_f 1392672510 \
      CP proc_common_v3_00_a/muxf_struct
FL C:/Users/tariqmuh/Documents/GitHub/ECE552_CamCtl/../../../../../Xilinx/14.2/ISE_DS/EDK/hw/XilinxProcessorIPLib/pcores/proc_common_v3_00_a/hdl/vhdl/proc_common_pkg.vhd 2012/07/16.03:35:05 P.28xd
PH proc_common_v3_00_a/proc_common_pkg 1392672506 \
      FL C:/Users/tariqmuh/Documents/GitHub/ECE552_CamCtl/../../../../../Xilinx/14.2/ISE_DS/EDK/hw/XilinxProcessorIPLib/pcores/proc_common_v3_00_a/hdl/vhdl/proc_common_pkg.vhd \
      PB ieee/std_logic_1164 1341906176 PB ieee/std_logic_arith 1341906177 \
      PB ieee/STD_LOGIC_UNSIGNED 1341906179
PB proc_common_v3_00_a/proc_common_pkg 1392672507 \
      FL C:/Users/tariqmuh/Documents/GitHub/ECE552_CamCtl/../../../../../Xilinx/14.2/ISE_DS/EDK/hw/XilinxProcessorIPLib/pcores/proc_common_v3_00_a/hdl/vhdl/proc_common_pkg.vhd \
      PH proc_common_v3_00_a/proc_common_pkg 1392672506
FL C:/Users/tariqmuh/Documents/GitHub/ECE552_CamCtl/../../../../../Xilinx/14.2/ISE_DS/EDK/hw/XilinxProcessorIPLib/pcores/proc_common_v3_00_a/hdl/vhdl/pselect_f.vhd 2012/07/16.03:35:05 P.28xd
EN proc_common_v3_00_a/pselect_f 1392672522 \
      FL C:/Users/tariqmuh/Documents/GitHub/ECE552_CamCtl/../../../../../Xilinx/14.2/ISE_DS/EDK/hw/XilinxProcessorIPLib/pcores/proc_common_v3_00_a/hdl/vhdl/pselect_f.vhd \
      PB ieee/std_logic_1164 1341906176 LB unisim LB proc_common_v3_00_a \
      PB proc_common_v3_00_a/family_support 1392672505
AR proc_common_v3_00_a/pselect_f/imp 1392672523 \
      FL C:/Users/tariqmuh/Documents/GitHub/ECE552_CamCtl/../../../../../Xilinx/14.2/ISE_DS/EDK/hw/XilinxProcessorIPLib/pcores/proc_common_v3_00_a/hdl/vhdl/pselect_f.vhd \
      EN proc_common_v3_00_a/pselect_f 1392672522 CP integer CP std_logic_vector \
      CP natural CP positive CP MUXCY
FL C:/Users/tariqmuh/Documents/GitHub/ECE552_CamCtl/../../../../../Xilinx/14.2/ISE_DS/EDK/hw/XilinxProcessorIPLib/pcores/proc_common_v3_00_a/hdl/vhdl/soft_reset.vhd 2012/07/16.03:35:05 P.28xd
EN proc_common_v3_00_a/soft_reset 1392672524 \
      FL C:/Users/tariqmuh/Documents/GitHub/ECE552_CamCtl/../../../../../Xilinx/14.2/ISE_DS/EDK/hw/XilinxProcessorIPLib/pcores/proc_common_v3_00_a/hdl/vhdl/soft_reset.vhd \
      PB ieee/std_logic_1164 1341906176 PB ieee/NUMERIC_STD 1341906182 LB unisim \
      PH unisim/VCOMPONENTS 1341906184
AR proc_common_v3_00_a/soft_reset/implementation 1392672525 \
      FL C:/Users/tariqmuh/Documents/GitHub/ECE552_CamCtl/../../../../../Xilinx/14.2/ISE_DS/EDK/hw/XilinxProcessorIPLib/pcores/proc_common_v3_00_a/hdl/vhdl/soft_reset.vhd \
      EN proc_common_v3_00_a/soft_reset 1392672524 CP FDRSE
FL C:/Users/tariqmuh/Documents/GitHub/ECE552_CamCtl/../../../../../Xilinx/14.2/ISE_DS/EDK/hw/XilinxProcessorIPLib/pcores/proc_common_v3_00_a/hdl/vhdl/srl_fifo_f.vhd 2012/07/16.03:35:05 P.28xd
EN proc_common_v3_00_a/srl_fifo_f 1392672526 \
      FL C:/Users/tariqmuh/Documents/GitHub/ECE552_CamCtl/../../../../../Xilinx/14.2/ISE_DS/EDK/hw/XilinxProcessorIPLib/pcores/proc_common_v3_00_a/hdl/vhdl/srl_fifo_f.vhd \
      PB ieee/std_logic_1164 1341906176 LB proc_common_v3_00_a \
      PB proc_common_v3_00_a/proc_common_pkg 1392672507
AR proc_common_v3_00_a/srl_fifo_f/imp 1392672527 \
      FL C:/Users/tariqmuh/Documents/GitHub/ECE552_CamCtl/../../../../../Xilinx/14.2/ISE_DS/EDK/hw/XilinxProcessorIPLib/pcores/proc_common_v3_00_a/hdl/vhdl/srl_fifo_f.vhd \
      EN proc_common_v3_00_a/srl_fifo_f 1392672526 LB proc_common_v3_00_a \
      CP proc_common_v3_00_a/srl_fifo_rbu_f \
      PB proc_common_v3_00_a/proc_common_pkg 1392672507
FL C:/Users/tariqmuh/Documents/GitHub/ECE552_CamCtl/../../../../../Xilinx/14.2/ISE_DS/EDK/hw/XilinxProcessorIPLib/pcores/proc_common_v3_00_a/hdl/vhdl/srl_fifo_rbu_f.vhd 2012/07/16.03:35:05 P.28xd
EN proc_common_v3_00_a/srl_fifo_rbu_f 1392672516 \
      FL C:/Users/tariqmuh/Documents/GitHub/ECE552_CamCtl/../../../../../Xilinx/14.2/ISE_DS/EDK/hw/XilinxProcessorIPLib/pcores/proc_common_v3_00_a/hdl/vhdl/srl_fifo_rbu_f.vhd \
      PB ieee/std_logic_1164 1341906176 PB ieee/NUMERIC_STD 1341906182 \
      LB proc_common_v3_00_a PB proc_common_v3_00_a/proc_common_pkg 1392672507
AR proc_common_v3_00_a/srl_fifo_rbu_f/imp 1392672517 \
      FL C:/Users/tariqmuh/Documents/GitHub/ECE552_CamCtl/../../../../../Xilinx/14.2/ISE_DS/EDK/hw/XilinxProcessorIPLib/pcores/proc_common_v3_00_a/hdl/vhdl/srl_fifo_rbu_f.vhd \
      EN proc_common_v3_00_a/srl_fifo_rbu_f 1392672516 \
      CP proc_common_v3_00_a/cntr_incr_decr_addn_f \
      CP proc_common_v3_00_a/dynshreg_f
