EN axi_master_burst_rdmux NULL C:/Users/tariqmuh/Documents/GitHub/ECE552_CamCtl/../../../../../Xilinx/14.2/ISE_DS/EDK/hw/XilinxProcessorIPLib/pcores/axi_master_burst_v1_00_a/hdl/vhdl/axi_master_burst_rdmux.vhd sub00/vhpl06 1392672540
EN axi_master_burst_rd_wr_cntlr NULL C:/Users/tariqmuh/Documents/GitHub/ECE552_CamCtl/../../../../../Xilinx/14.2/ISE_DS/EDK/hw/XilinxProcessorIPLib/pcores/axi_master_burst_v1_00_a/hdl/vhdl/axi_master_burst_rd_wr_cntlr.vhd sub00/vhpl32 1392672575
EN axi_master_burst_rddata_cntl NULL C:/Users/tariqmuh/Documents/GitHub/ECE552_CamCtl/../../../../../Xilinx/14.2/ISE_DS/EDK/hw/XilinxProcessorIPLib/pcores/axi_master_burst_v1_00_a/hdl/vhdl/axi_master_burst_rddata_cntl.vhd sub00/vhpl12 1392672549
EN axi_master_burst_rd_llink NULL C:/Users/tariqmuh/Documents/GitHub/ECE552_CamCtl/../../../../../Xilinx/14.2/ISE_DS/EDK/hw/XilinxProcessorIPLib/pcores/axi_master_burst_v1_00_a/hdl/vhdl/axi_master_burst_rd_llink.vhd sub00/vhpl34 1392672577
AR axi_master_burst_skid_buf implementation C:/Users/tariqmuh/Documents/GitHub/ECE552_CamCtl/../../../../../Xilinx/14.2/ISE_DS/EDK/hw/XilinxProcessorIPLib/pcores/axi_master_burst_v1_00_a/hdl/vhdl/axi_master_burst_skid_buf.vhd sub00/vhpl17 1392672554
AR axi_master_burst_wr_demux implementation C:/Users/tariqmuh/Documents/GitHub/ECE552_CamCtl/../../../../../Xilinx/14.2/ISE_DS/EDK/hw/XilinxProcessorIPLib/pcores/axi_master_burst_v1_00_a/hdl/vhdl/axi_master_burst_wr_demux.vhd sub00/vhpl01 1392672535
EN axi_master_burst_stbs_set NULL C:/Users/tariqmuh/Documents/GitHub/ECE552_CamCtl/../../../../../Xilinx/14.2/ISE_DS/EDK/hw/XilinxProcessorIPLib/pcores/axi_master_burst_v1_00_a/hdl/vhdl/axi_master_burst_stbs_set.vhd sub00/vhpl26 1392672563
AR axi_master_burst_rdmux implementation C:/Users/tariqmuh/Documents/GitHub/ECE552_CamCtl/../../../../../Xilinx/14.2/ISE_DS/EDK/hw/XilinxProcessorIPLib/pcores/axi_master_burst_v1_00_a/hdl/vhdl/axi_master_burst_rdmux.vhd sub00/vhpl07 1392672541
EN axi_master_burst_fifo NULL C:/Users/tariqmuh/Documents/GitHub/ECE552_CamCtl/../../../../../Xilinx/14.2/ISE_DS/EDK/hw/XilinxProcessorIPLib/pcores/axi_master_burst_v1_00_a/hdl/vhdl/axi_master_burst_fifo.vhd sub00/vhpl02 1392672536
AR axi_master_burst_strb_gen implementation C:/Users/tariqmuh/Documents/GitHub/ECE552_CamCtl/../../../../../Xilinx/14.2/ISE_DS/EDK/hw/XilinxProcessorIPLib/pcores/axi_master_burst_v1_00_a/hdl/vhdl/axi_master_burst_strb_gen.vhd sub00/vhpl05 1392672539
EN axi_master_burst_cmd_status NULL C:/Users/tariqmuh/Documents/GitHub/ECE552_CamCtl/../../../../../Xilinx/14.2/ISE_DS/EDK/hw/XilinxProcessorIPLib/pcores/axi_master_burst_v1_00_a/hdl/vhdl/axi_master_burst_cmd_status.vhd sub00/vhpl30 1392672573
AR axi_master_burst_wrdata_cntl implementation C:/Users/tariqmuh/Documents/GitHub/ECE552_CamCtl/../../../../../Xilinx/14.2/ISE_DS/EDK/hw/XilinxProcessorIPLib/pcores/axi_master_burst_v1_00_a/hdl/vhdl/axi_master_burst_wrdata_cntl.vhd sub00/vhpl19 1392672556
AR axi_master_burst_reset implementation C:/Users/tariqmuh/Documents/GitHub/ECE552_CamCtl/../../../../../Xilinx/14.2/ISE_DS/EDK/hw/XilinxProcessorIPLib/pcores/axi_master_burst_v1_00_a/hdl/vhdl/axi_master_burst_reset.vhd sub00/vhpl29 1392672572
EN axi_master_burst_skid2mm_buf NULL C:/Users/tariqmuh/Documents/GitHub/ECE552_CamCtl/../../../../../Xilinx/14.2/ISE_DS/EDK/hw/XilinxProcessorIPLib/pcores/axi_master_burst_v1_00_a/hdl/vhdl/axi_master_burst_skid2mm_buf.vhd sub00/vhpl22 1392672559
AR axi_master_burst_rd_status_cntl implementation C:/Users/tariqmuh/Documents/GitHub/ECE552_CamCtl/../../../../../Xilinx/14.2/ISE_DS/EDK/hw/XilinxProcessorIPLib/pcores/axi_master_burst_v1_00_a/hdl/vhdl/axi_master_burst_rd_status_cntl.vhd sub00/vhpl15 1392672552
AR axi_master_burst_rd_llink implementation C:/Users/tariqmuh/Documents/GitHub/ECE552_CamCtl/../../../../../Xilinx/14.2/ISE_DS/EDK/hw/XilinxProcessorIPLib/pcores/axi_master_burst_v1_00_a/hdl/vhdl/axi_master_burst_rd_llink.vhd sub00/vhpl35 1392672578
EN axi_master_burst_skid_buf NULL C:/Users/tariqmuh/Documents/GitHub/ECE552_CamCtl/../../../../../Xilinx/14.2/ISE_DS/EDK/hw/XilinxProcessorIPLib/pcores/axi_master_burst_v1_00_a/hdl/vhdl/axi_master_burst_skid_buf.vhd sub00/vhpl16 1392672553
AR axi_master_burst_fifo imp C:/Users/tariqmuh/Documents/GitHub/ECE552_CamCtl/../../../../../Xilinx/14.2/ISE_DS/EDK/hw/XilinxProcessorIPLib/pcores/axi_master_burst_v1_00_a/hdl/vhdl/axi_master_burst_fifo.vhd sub00/vhpl03 1392672537
EN axi_master_burst_wr_llink NULL C:/Users/tariqmuh/Documents/GitHub/ECE552_CamCtl/../../../../../Xilinx/14.2/ISE_DS/EDK/hw/XilinxProcessorIPLib/pcores/axi_master_burst_v1_00_a/hdl/vhdl/axi_master_burst_wr_llink.vhd sub00/vhpl36 1392672579
AR axi_master_burst_wr_status_cntl implementation C:/Users/tariqmuh/Documents/GitHub/ECE552_CamCtl/../../../../../Xilinx/14.2/ISE_DS/EDK/hw/XilinxProcessorIPLib/pcores/axi_master_burst_v1_00_a/hdl/vhdl/axi_master_burst_wr_status_cntl.vhd sub00/vhpl21 1392672558
AR axi_master_burst implementation C:/Users/tariqmuh/Documents/GitHub/ECE552_CamCtl/../../../../../Xilinx/14.2/ISE_DS/EDK/hw/XilinxProcessorIPLib/pcores/axi_master_burst_v1_00_a/hdl/vhdl/axi_master_burst.vhd sub00/vhpl39 1392672586
AR axi_master_burst_rddata_cntl implementation C:/Users/tariqmuh/Documents/GitHub/ECE552_CamCtl/../../../../../Xilinx/14.2/ISE_DS/EDK/hw/XilinxProcessorIPLib/pcores/axi_master_burst_v1_00_a/hdl/vhdl/axi_master_burst_rddata_cntl.vhd sub00/vhpl13 1392672550
AR axi_master_burst_rd_wr_cntlr implementation C:/Users/tariqmuh/Documents/GitHub/ECE552_CamCtl/../../../../../Xilinx/14.2/ISE_DS/EDK/hw/XilinxProcessorIPLib/pcores/axi_master_burst_v1_00_a/hdl/vhdl/axi_master_burst_rd_wr_cntlr.vhd sub00/vhpl33 1392672576
EN axi_master_burst_wr_status_cntl NULL C:/Users/tariqmuh/Documents/GitHub/ECE552_CamCtl/../../../../../Xilinx/14.2/ISE_DS/EDK/hw/XilinxProcessorIPLib/pcores/axi_master_burst_v1_00_a/hdl/vhdl/axi_master_burst_wr_status_cntl.vhd sub00/vhpl20 1392672557
EN axi_master_burst_strb_gen NULL C:/Users/tariqmuh/Documents/GitHub/ECE552_CamCtl/../../../../../Xilinx/14.2/ISE_DS/EDK/hw/XilinxProcessorIPLib/pcores/axi_master_burst_v1_00_a/hdl/vhdl/axi_master_burst_strb_gen.vhd sub00/vhpl04 1392672538
EN axi_master_burst_rd_status_cntl NULL C:/Users/tariqmuh/Documents/GitHub/ECE552_CamCtl/../../../../../Xilinx/14.2/ISE_DS/EDK/hw/XilinxProcessorIPLib/pcores/axi_master_burst_v1_00_a/hdl/vhdl/axi_master_burst_rd_status_cntl.vhd sub00/vhpl14 1392672551
AR axi_master_burst_addr_cntl implementation C:/Users/tariqmuh/Documents/GitHub/ECE552_CamCtl/../../../../../Xilinx/14.2/ISE_DS/EDK/hw/XilinxProcessorIPLib/pcores/axi_master_burst_v1_00_a/hdl/vhdl/axi_master_burst_addr_cntl.vhd sub00/vhpl11 1392672548
EN axi_master_burst_pcc NULL C:/Users/tariqmuh/Documents/GitHub/ECE552_CamCtl/../../../../../Xilinx/14.2/ISE_DS/EDK/hw/XilinxProcessorIPLib/pcores/axi_master_burst_v1_00_a/hdl/vhdl/axi_master_burst_pcc.vhd sub00/vhpl08 1392672545
AR axi_master_burst_skid2mm_buf implementation C:/Users/tariqmuh/Documents/GitHub/ECE552_CamCtl/../../../../../Xilinx/14.2/ISE_DS/EDK/hw/XilinxProcessorIPLib/pcores/axi_master_burst_v1_00_a/hdl/vhdl/axi_master_burst_skid2mm_buf.vhd sub00/vhpl23 1392672560
AR axi_master_burst_wr_llink implementation C:/Users/tariqmuh/Documents/GitHub/ECE552_CamCtl/../../../../../Xilinx/14.2/ISE_DS/EDK/hw/XilinxProcessorIPLib/pcores/axi_master_burst_v1_00_a/hdl/vhdl/axi_master_burst_wr_llink.vhd sub00/vhpl37 1392672580
EN axi_master_burst_addr_cntl NULL C:/Users/tariqmuh/Documents/GitHub/ECE552_CamCtl/../../../../../Xilinx/14.2/ISE_DS/EDK/hw/XilinxProcessorIPLib/pcores/axi_master_burst_v1_00_a/hdl/vhdl/axi_master_burst_addr_cntl.vhd sub00/vhpl10 1392672547
AR axi_master_burst_stbs_set implementation C:/Users/tariqmuh/Documents/GitHub/ECE552_CamCtl/../../../../../Xilinx/14.2/ISE_DS/EDK/hw/XilinxProcessorIPLib/pcores/axi_master_burst_v1_00_a/hdl/vhdl/axi_master_burst_stbs_set.vhd sub00/vhpl27 1392672564
EN axi_master_burst_wr_demux NULL C:/Users/tariqmuh/Documents/GitHub/ECE552_CamCtl/../../../../../Xilinx/14.2/ISE_DS/EDK/hw/XilinxProcessorIPLib/pcores/axi_master_burst_v1_00_a/hdl/vhdl/axi_master_burst_wr_demux.vhd sub00/vhpl00 1392672534
AR axi_master_burst_first_stb_offset implementation C:/Users/tariqmuh/Documents/GitHub/ECE552_CamCtl/../../../../../Xilinx/14.2/ISE_DS/EDK/hw/XilinxProcessorIPLib/pcores/axi_master_burst_v1_00_a/hdl/vhdl/axi_master_burst_first_stb_offset.vhd sub00/vhpl25 1392672562
AR axi_master_burst_pcc implementation C:/Users/tariqmuh/Documents/GitHub/ECE552_CamCtl/../../../../../Xilinx/14.2/ISE_DS/EDK/hw/XilinxProcessorIPLib/pcores/axi_master_burst_v1_00_a/hdl/vhdl/axi_master_burst_pcc.vhd sub00/vhpl09 1392672546
EN axi_master_burst_wrdata_cntl NULL C:/Users/tariqmuh/Documents/GitHub/ECE552_CamCtl/../../../../../Xilinx/14.2/ISE_DS/EDK/hw/XilinxProcessorIPLib/pcores/axi_master_burst_v1_00_a/hdl/vhdl/axi_master_burst_wrdata_cntl.vhd sub00/vhpl18 1392672555
EN axi_master_burst_first_stb_offset NULL C:/Users/tariqmuh/Documents/GitHub/ECE552_CamCtl/../../../../../Xilinx/14.2/ISE_DS/EDK/hw/XilinxProcessorIPLib/pcores/axi_master_burst_v1_00_a/hdl/vhdl/axi_master_burst_first_stb_offset.vhd sub00/vhpl24 1392672561
AR axi_master_burst_cmd_status implementation C:/Users/tariqmuh/Documents/GitHub/ECE552_CamCtl/../../../../../Xilinx/14.2/ISE_DS/EDK/hw/XilinxProcessorIPLib/pcores/axi_master_burst_v1_00_a/hdl/vhdl/axi_master_burst_cmd_status.vhd sub00/vhpl31 1392672574
EN axi_master_burst NULL C:/Users/tariqmuh/Documents/GitHub/ECE552_CamCtl/../../../../../Xilinx/14.2/ISE_DS/EDK/hw/XilinxProcessorIPLib/pcores/axi_master_burst_v1_00_a/hdl/vhdl/axi_master_burst.vhd sub00/vhpl38 1392672585
EN axi_master_burst_reset NULL C:/Users/tariqmuh/Documents/GitHub/ECE552_CamCtl/../../../../../Xilinx/14.2/ISE_DS/EDK/hw/XilinxProcessorIPLib/pcores/axi_master_burst_v1_00_a/hdl/vhdl/axi_master_burst_reset.vhd sub00/vhpl28 1392672571
