V3 86
FL C:/Users/tariqmuh/Documents/GitHub/ECE552_CamCtl/../../../../../Xilinx/14.2/ISE_DS/EDK/hw/XilinxProcessorIPLib/pcores/axi_master_burst_v1_00_a/hdl/vhdl/axi_master_burst.vhd 2012/07/16.03:34:22 P.28xd
EN axi_master_burst_v1_00_a/axi_master_burst 1392672585 \
      FL C:/Users/tariqmuh/Documents/GitHub/ECE552_CamCtl/../../../../../Xilinx/14.2/ISE_DS/EDK/hw/XilinxProcessorIPLib/pcores/axi_master_burst_v1_00_a/hdl/vhdl/axi_master_burst.vhd \
      PB ieee/std_logic_1164 1341906176 PB ieee/NUMERIC_STD 1341906182 \
      LB axi_master_burst_v1_00_a \
      EN axi_master_burst_v1_00_a/axi_master_burst_reset 1392672571 \
      EN axi_master_burst_v1_00_a/axi_master_burst_cmd_status 1392672573 \
      EN axi_master_burst_v1_00_a/axi_master_burst_rd_wr_cntlr 1392672575 \
      EN axi_master_burst_v1_00_a/axi_master_burst_rd_llink 1392672577 \
      EN axi_master_burst_v1_00_a/axi_master_burst_wr_llink 1392672579
AR axi_master_burst_v1_00_a/axi_master_burst/implementation 1392672586 \
      FL C:/Users/tariqmuh/Documents/GitHub/ECE552_CamCtl/../../../../../Xilinx/14.2/ISE_DS/EDK/hw/XilinxProcessorIPLib/pcores/axi_master_burst_v1_00_a/hdl/vhdl/axi_master_burst.vhd \
      EN axi_master_burst_v1_00_a/axi_master_burst 1392672585 \
      CP axi_master_burst_v1_00_a/axi_master_burst_reset \
      CP axi_master_burst_v1_00_a/axi_master_burst_cmd_status \
      CP axi_master_burst_v1_00_a/axi_master_burst_rd_wr_cntlr \
      CP axi_master_burst_v1_00_a/axi_master_burst_rd_llink \
      CP axi_master_burst_v1_00_a/axi_master_burst_wr_llink
FL C:/Users/tariqmuh/Documents/GitHub/ECE552_CamCtl/../../../../../Xilinx/14.2/ISE_DS/EDK/hw/XilinxProcessorIPLib/pcores/axi_master_burst_v1_00_a/hdl/vhdl/axi_master_burst_addr_cntl.vhd 2012/07/16.03:34:22 P.28xd
EN axi_master_burst_v1_00_a/axi_master_burst_addr_cntl 1392672547 \
      FL C:/Users/tariqmuh/Documents/GitHub/ECE552_CamCtl/../../../../../Xilinx/14.2/ISE_DS/EDK/hw/XilinxProcessorIPLib/pcores/axi_master_burst_v1_00_a/hdl/vhdl/axi_master_burst_addr_cntl.vhd \
      PB ieee/std_logic_1164 1341906176 PB ieee/NUMERIC_STD 1341906182 \
      LB axi_master_burst_v1_00_a \
      EN axi_master_burst_v1_00_a/axi_master_burst_fifo 1392672536
AR axi_master_burst_v1_00_a/axi_master_burst_addr_cntl/implementation 1392672548 \
      FL C:/Users/tariqmuh/Documents/GitHub/ECE552_CamCtl/../../../../../Xilinx/14.2/ISE_DS/EDK/hw/XilinxProcessorIPLib/pcores/axi_master_burst_v1_00_a/hdl/vhdl/axi_master_burst_addr_cntl.vhd \
      EN axi_master_burst_v1_00_a/axi_master_burst_addr_cntl 1392672547 \
      CP axi_master_burst_v1_00_a/axi_master_burst_fifo
FL C:/Users/tariqmuh/Documents/GitHub/ECE552_CamCtl/../../../../../Xilinx/14.2/ISE_DS/EDK/hw/XilinxProcessorIPLib/pcores/axi_master_burst_v1_00_a/hdl/vhdl/axi_master_burst_cmd_status.vhd 2012/07/16.03:34:22 P.28xd
EN axi_master_burst_v1_00_a/axi_master_burst_cmd_status 1392672573 \
      FL C:/Users/tariqmuh/Documents/GitHub/ECE552_CamCtl/../../../../../Xilinx/14.2/ISE_DS/EDK/hw/XilinxProcessorIPLib/pcores/axi_master_burst_v1_00_a/hdl/vhdl/axi_master_burst_cmd_status.vhd \
      PB ieee/std_logic_1164 1341906176 PB ieee/NUMERIC_STD 1341906182 \
      LB axi_master_burst_v1_00_a \
      EN axi_master_burst_v1_00_a/axi_master_burst_stbs_set 1392672563 \
      EN axi_master_burst_v1_00_a/axi_master_burst_first_stb_offset 1392672561
AR axi_master_burst_v1_00_a/axi_master_burst_cmd_status/implementation 1392672574 \
      FL C:/Users/tariqmuh/Documents/GitHub/ECE552_CamCtl/../../../../../Xilinx/14.2/ISE_DS/EDK/hw/XilinxProcessorIPLib/pcores/axi_master_burst_v1_00_a/hdl/vhdl/axi_master_burst_cmd_status.vhd \
      EN axi_master_burst_v1_00_a/axi_master_burst_cmd_status 1392672573 \
      CP axi_master_burst_v1_00_a/axi_master_burst_first_stb_offset \
      CP axi_master_burst_v1_00_a/axi_master_burst_stbs_set
FL C:/Users/tariqmuh/Documents/GitHub/ECE552_CamCtl/../../../../../Xilinx/14.2/ISE_DS/EDK/hw/XilinxProcessorIPLib/pcores/axi_master_burst_v1_00_a/hdl/vhdl/axi_master_burst_fifo.vhd 2012/07/16.03:34:22 P.28xd
EN axi_master_burst_v1_00_a/axi_master_burst_fifo 1392672536 \
      FL C:/Users/tariqmuh/Documents/GitHub/ECE552_CamCtl/../../../../../Xilinx/14.2/ISE_DS/EDK/hw/XilinxProcessorIPLib/pcores/axi_master_burst_v1_00_a/hdl/vhdl/axi_master_burst_fifo.vhd \
      PB ieee/std_logic_1164 1341906176 PB ieee/std_logic_arith 1341906177 \
      PB ieee/STD_LOGIC_UNSIGNED 1341906179 LB proc_common_v3_00_a \
      PB proc_common_v3_00_a/proc_common_pkg 1392672507 \
      EN proc_common_v3_00_a/srl_fifo_f 1392672526
AR axi_master_burst_v1_00_a/axi_master_burst_fifo/imp 1392672537 \
      FL C:/Users/tariqmuh/Documents/GitHub/ECE552_CamCtl/../../../../../Xilinx/14.2/ISE_DS/EDK/hw/XilinxProcessorIPLib/pcores/axi_master_burst_v1_00_a/hdl/vhdl/axi_master_burst_fifo.vhd \
      EN axi_master_burst_v1_00_a/axi_master_burst_fifo 1392672536 \
      CP std_logic_vector CP std_logic CP integer CP proc_common_v3_00_a/srl_fifo_f
FL C:/Users/tariqmuh/Documents/GitHub/ECE552_CamCtl/../../../../../Xilinx/14.2/ISE_DS/EDK/hw/XilinxProcessorIPLib/pcores/axi_master_burst_v1_00_a/hdl/vhdl/axi_master_burst_first_stb_offset.vhd 2012/07/16.03:34:22 P.28xd
EN axi_master_burst_v1_00_a/axi_master_burst_first_stb_offset 1392672561 \
      FL C:/Users/tariqmuh/Documents/GitHub/ECE552_CamCtl/../../../../../Xilinx/14.2/ISE_DS/EDK/hw/XilinxProcessorIPLib/pcores/axi_master_burst_v1_00_a/hdl/vhdl/axi_master_burst_first_stb_offset.vhd \
      PB ieee/std_logic_1164 1341906176 PB ieee/NUMERIC_STD 1341906182
AR axi_master_burst_v1_00_a/axi_master_burst_first_stb_offset/implementation 1392672562 \
      FL C:/Users/tariqmuh/Documents/GitHub/ECE552_CamCtl/../../../../../Xilinx/14.2/ISE_DS/EDK/hw/XilinxProcessorIPLib/pcores/axi_master_burst_v1_00_a/hdl/vhdl/axi_master_burst_first_stb_offset.vhd \
      EN axi_master_burst_v1_00_a/axi_master_burst_first_stb_offset 1392672561 \
      CP integer
FL C:/Users/tariqmuh/Documents/GitHub/ECE552_CamCtl/../../../../../Xilinx/14.2/ISE_DS/EDK/hw/XilinxProcessorIPLib/pcores/axi_master_burst_v1_00_a/hdl/vhdl/axi_master_burst_pcc.vhd 2012/07/16.03:34:22 P.28xd
EN axi_master_burst_v1_00_a/axi_master_burst_pcc 1392672545 \
      FL C:/Users/tariqmuh/Documents/GitHub/ECE552_CamCtl/../../../../../Xilinx/14.2/ISE_DS/EDK/hw/XilinxProcessorIPLib/pcores/axi_master_burst_v1_00_a/hdl/vhdl/axi_master_burst_pcc.vhd \
      PB ieee/std_logic_1164 1341906176 PB ieee/NUMERIC_STD 1341906182 \
      LB axi_master_burst_v1_00_a \
      EN axi_master_burst_v1_00_a/axi_master_burst_strb_gen 1392672538
AR axi_master_burst_v1_00_a/axi_master_burst_pcc/implementation 1392672546 \
      FL C:/Users/tariqmuh/Documents/GitHub/ECE552_CamCtl/../../../../../Xilinx/14.2/ISE_DS/EDK/hw/XilinxProcessorIPLib/pcores/axi_master_burst_v1_00_a/hdl/vhdl/axi_master_burst_pcc.vhd \
      EN axi_master_burst_v1_00_a/axi_master_burst_pcc 1392672545 \
      CP axi_master_burst_v1_00_a/axi_master_burst_strb_gen
FL C:/Users/tariqmuh/Documents/GitHub/ECE552_CamCtl/../../../../../Xilinx/14.2/ISE_DS/EDK/hw/XilinxProcessorIPLib/pcores/axi_master_burst_v1_00_a/hdl/vhdl/axi_master_burst_rddata_cntl.vhd 2012/07/16.03:34:22 P.28xd
EN axi_master_burst_v1_00_a/axi_master_burst_rddata_cntl 1392672549 \
      FL C:/Users/tariqmuh/Documents/GitHub/ECE552_CamCtl/../../../../../Xilinx/14.2/ISE_DS/EDK/hw/XilinxProcessorIPLib/pcores/axi_master_burst_v1_00_a/hdl/vhdl/axi_master_burst_rddata_cntl.vhd \
      PB ieee/std_logic_1164 1341906176 PB ieee/NUMERIC_STD 1341906182 \
      LB axi_master_burst_v1_00_a \
      EN axi_master_burst_v1_00_a/axi_master_burst_rdmux 1392672540 \
      EN axi_master_burst_v1_00_a/axi_master_burst_fifo 1392672536
AR axi_master_burst_v1_00_a/axi_master_burst_rddata_cntl/implementation 1392672550 \
      FL C:/Users/tariqmuh/Documents/GitHub/ECE552_CamCtl/../../../../../Xilinx/14.2/ISE_DS/EDK/hw/XilinxProcessorIPLib/pcores/axi_master_burst_v1_00_a/hdl/vhdl/axi_master_burst_rddata_cntl.vhd \
      EN axi_master_burst_v1_00_a/axi_master_burst_rddata_cntl 1392672549 \
      CP axi_master_burst_v1_00_a/axi_master_burst_rdmux \
      CP axi_master_burst_v1_00_a/axi_master_burst_fifo CP std_logic
FL C:/Users/tariqmuh/Documents/GitHub/ECE552_CamCtl/../../../../../Xilinx/14.2/ISE_DS/EDK/hw/XilinxProcessorIPLib/pcores/axi_master_burst_v1_00_a/hdl/vhdl/axi_master_burst_rdmux.vhd 2012/07/16.03:34:22 P.28xd
EN axi_master_burst_v1_00_a/axi_master_burst_rdmux 1392672540 \
      FL C:/Users/tariqmuh/Documents/GitHub/ECE552_CamCtl/../../../../../Xilinx/14.2/ISE_DS/EDK/hw/XilinxProcessorIPLib/pcores/axi_master_burst_v1_00_a/hdl/vhdl/axi_master_burst_rdmux.vhd \
      PB ieee/std_logic_1164 1341906176 PB ieee/NUMERIC_STD 1341906182
AR axi_master_burst_v1_00_a/axi_master_burst_rdmux/implementation 1392672541 \
      FL C:/Users/tariqmuh/Documents/GitHub/ECE552_CamCtl/../../../../../Xilinx/14.2/ISE_DS/EDK/hw/XilinxProcessorIPLib/pcores/axi_master_burst_v1_00_a/hdl/vhdl/axi_master_burst_rdmux.vhd \
      EN axi_master_burst_v1_00_a/axi_master_burst_rdmux 1392672540 \
      CP std_logic_vector CP unsigned CP integer
FL C:/Users/tariqmuh/Documents/GitHub/ECE552_CamCtl/../../../../../Xilinx/14.2/ISE_DS/EDK/hw/XilinxProcessorIPLib/pcores/axi_master_burst_v1_00_a/hdl/vhdl/axi_master_burst_rd_llink.vhd 2012/07/16.03:34:22 P.28xd
EN axi_master_burst_v1_00_a/axi_master_burst_rd_llink 1392672577 \
      FL C:/Users/tariqmuh/Documents/GitHub/ECE552_CamCtl/../../../../../Xilinx/14.2/ISE_DS/EDK/hw/XilinxProcessorIPLib/pcores/axi_master_burst_v1_00_a/hdl/vhdl/axi_master_burst_rd_llink.vhd \
      PB ieee/std_logic_1164 1341906176 PB ieee/NUMERIC_STD 1341906182
AR axi_master_burst_v1_00_a/axi_master_burst_rd_llink/implementation 1392672578 \
      FL C:/Users/tariqmuh/Documents/GitHub/ECE552_CamCtl/../../../../../Xilinx/14.2/ISE_DS/EDK/hw/XilinxProcessorIPLib/pcores/axi_master_burst_v1_00_a/hdl/vhdl/axi_master_burst_rd_llink.vhd \
      EN axi_master_burst_v1_00_a/axi_master_burst_rd_llink 1392672577
FL C:/Users/tariqmuh/Documents/GitHub/ECE552_CamCtl/../../../../../Xilinx/14.2/ISE_DS/EDK/hw/XilinxProcessorIPLib/pcores/axi_master_burst_v1_00_a/hdl/vhdl/axi_master_burst_rd_status_cntl.vhd 2012/07/16.03:34:22 P.28xd
EN axi_master_burst_v1_00_a/axi_master_burst_rd_status_cntl 1392672551 \
      FL C:/Users/tariqmuh/Documents/GitHub/ECE552_CamCtl/../../../../../Xilinx/14.2/ISE_DS/EDK/hw/XilinxProcessorIPLib/pcores/axi_master_burst_v1_00_a/hdl/vhdl/axi_master_burst_rd_status_cntl.vhd \
      PB ieee/std_logic_1164 1341906176 PB ieee/NUMERIC_STD 1341906182
AR axi_master_burst_v1_00_a/axi_master_burst_rd_status_cntl/implementation 1392672552 \
      FL C:/Users/tariqmuh/Documents/GitHub/ECE552_CamCtl/../../../../../Xilinx/14.2/ISE_DS/EDK/hw/XilinxProcessorIPLib/pcores/axi_master_burst_v1_00_a/hdl/vhdl/axi_master_burst_rd_status_cntl.vhd \
      EN axi_master_burst_v1_00_a/axi_master_burst_rd_status_cntl 1392672551 \
      CP std_logic_vector
FL C:/Users/tariqmuh/Documents/GitHub/ECE552_CamCtl/../../../../../Xilinx/14.2/ISE_DS/EDK/hw/XilinxProcessorIPLib/pcores/axi_master_burst_v1_00_a/hdl/vhdl/axi_master_burst_rd_wr_cntlr.vhd 2012/07/16.03:34:22 P.28xd
EN axi_master_burst_v1_00_a/axi_master_burst_rd_wr_cntlr 1392672575 \
      FL C:/Users/tariqmuh/Documents/GitHub/ECE552_CamCtl/../../../../../Xilinx/14.2/ISE_DS/EDK/hw/XilinxProcessorIPLib/pcores/axi_master_burst_v1_00_a/hdl/vhdl/axi_master_burst_rd_wr_cntlr.vhd \
      PB ieee/std_logic_1164 1341906176 PB ieee/NUMERIC_STD 1341906182 \
      LB axi_master_burst_v1_00_a \
      EN axi_master_burst_v1_00_a/axi_master_burst_rddata_cntl 1392672549 \
      EN axi_master_burst_v1_00_a/axi_master_burst_wrdata_cntl 1392672555 \
      EN axi_master_burst_v1_00_a/axi_master_burst_wr_status_cntl 1392672557 \
      EN axi_master_burst_v1_00_a/axi_master_burst_skid_buf 1392672553 \
      EN axi_master_burst_v1_00_a/axi_master_burst_skid2mm_buf 1392672559 \
      EN axi_master_burst_v1_00_a/axi_master_burst_pcc 1392672545 \
      EN axi_master_burst_v1_00_a/axi_master_burst_addr_cntl 1392672547 \
      EN axi_master_burst_v1_00_a/axi_master_burst_rd_status_cntl 1392672551
AR axi_master_burst_v1_00_a/axi_master_burst_rd_wr_cntlr/implementation 1392672576 \
      FL C:/Users/tariqmuh/Documents/GitHub/ECE552_CamCtl/../../../../../Xilinx/14.2/ISE_DS/EDK/hw/XilinxProcessorIPLib/pcores/axi_master_burst_v1_00_a/hdl/vhdl/axi_master_burst_rd_wr_cntlr.vhd \
      EN axi_master_burst_v1_00_a/axi_master_burst_rd_wr_cntlr 1392672575 \
      CP axi_master_burst_v1_00_a/axi_master_burst_pcc \
      CP axi_master_burst_v1_00_a/axi_master_burst_addr_cntl \
      CP axi_master_burst_v1_00_a/axi_master_burst_rddata_cntl \
      CP axi_master_burst_v1_00_a/axi_master_burst_rd_status_cntl \
      CP axi_master_burst_v1_00_a/axi_master_burst_skid_buf \
      CP axi_master_burst_v1_00_a/axi_master_burst_wrdata_cntl \
      CP axi_master_burst_v1_00_a/axi_master_burst_wr_status_cntl \
      CP axi_master_burst_v1_00_a/axi_master_burst_skid2mm_buf
FL C:/Users/tariqmuh/Documents/GitHub/ECE552_CamCtl/../../../../../Xilinx/14.2/ISE_DS/EDK/hw/XilinxProcessorIPLib/pcores/axi_master_burst_v1_00_a/hdl/vhdl/axi_master_burst_reset.vhd 2012/07/16.03:34:22 P.28xd
EN axi_master_burst_v1_00_a/axi_master_burst_reset 1392672571 \
      FL C:/Users/tariqmuh/Documents/GitHub/ECE552_CamCtl/../../../../../Xilinx/14.2/ISE_DS/EDK/hw/XilinxProcessorIPLib/pcores/axi_master_burst_v1_00_a/hdl/vhdl/axi_master_burst_reset.vhd \
      PB ieee/std_logic_1164 1341906176 PB ieee/NUMERIC_STD 1341906182
AR axi_master_burst_v1_00_a/axi_master_burst_reset/implementation 1392672572 \
      FL C:/Users/tariqmuh/Documents/GitHub/ECE552_CamCtl/../../../../../Xilinx/14.2/ISE_DS/EDK/hw/XilinxProcessorIPLib/pcores/axi_master_burst_v1_00_a/hdl/vhdl/axi_master_burst_reset.vhd \
      EN axi_master_burst_v1_00_a/axi_master_burst_reset 1392672571
FL C:/Users/tariqmuh/Documents/GitHub/ECE552_CamCtl/../../../../../Xilinx/14.2/ISE_DS/EDK/hw/XilinxProcessorIPLib/pcores/axi_master_burst_v1_00_a/hdl/vhdl/axi_master_burst_skid2mm_buf.vhd 2012/07/16.03:34:22 P.28xd
EN axi_master_burst_v1_00_a/axi_master_burst_skid2mm_buf 1392672559 \
      FL C:/Users/tariqmuh/Documents/GitHub/ECE552_CamCtl/../../../../../Xilinx/14.2/ISE_DS/EDK/hw/XilinxProcessorIPLib/pcores/axi_master_burst_v1_00_a/hdl/vhdl/axi_master_burst_skid2mm_buf.vhd \
      PB ieee/std_logic_1164 1341906176 PB ieee/NUMERIC_STD 1341906182 \
      LB axi_master_burst_v1_00_a \
      EN axi_master_burst_v1_00_a/axi_master_burst_wr_demux 1392672534
AR axi_master_burst_v1_00_a/axi_master_burst_skid2mm_buf/implementation 1392672560 \
      FL C:/Users/tariqmuh/Documents/GitHub/ECE552_CamCtl/../../../../../Xilinx/14.2/ISE_DS/EDK/hw/XilinxProcessorIPLib/pcores/axi_master_burst_v1_00_a/hdl/vhdl/axi_master_burst_skid2mm_buf.vhd \
      EN axi_master_burst_v1_00_a/axi_master_burst_skid2mm_buf 1392672559 \
      CP axi_master_burst_v1_00_a/axi_master_burst_wr_demux
FL C:/Users/tariqmuh/Documents/GitHub/ECE552_CamCtl/../../../../../Xilinx/14.2/ISE_DS/EDK/hw/XilinxProcessorIPLib/pcores/axi_master_burst_v1_00_a/hdl/vhdl/axi_master_burst_skid_buf.vhd 2012/07/16.03:34:22 P.28xd
EN axi_master_burst_v1_00_a/axi_master_burst_skid_buf 1392672553 \
      FL C:/Users/tariqmuh/Documents/GitHub/ECE552_CamCtl/../../../../../Xilinx/14.2/ISE_DS/EDK/hw/XilinxProcessorIPLib/pcores/axi_master_burst_v1_00_a/hdl/vhdl/axi_master_burst_skid_buf.vhd \
      PB ieee/std_logic_1164 1341906176 PB ieee/NUMERIC_STD 1341906182
AR axi_master_burst_v1_00_a/axi_master_burst_skid_buf/implementation 1392672554 \
      FL C:/Users/tariqmuh/Documents/GitHub/ECE552_CamCtl/../../../../../Xilinx/14.2/ISE_DS/EDK/hw/XilinxProcessorIPLib/pcores/axi_master_burst_v1_00_a/hdl/vhdl/axi_master_burst_skid_buf.vhd \
      EN axi_master_burst_v1_00_a/axi_master_burst_skid_buf 1392672553
FL C:/Users/tariqmuh/Documents/GitHub/ECE552_CamCtl/../../../../../Xilinx/14.2/ISE_DS/EDK/hw/XilinxProcessorIPLib/pcores/axi_master_burst_v1_00_a/hdl/vhdl/axi_master_burst_stbs_set.vhd 2012/07/16.03:34:22 P.28xd
EN axi_master_burst_v1_00_a/axi_master_burst_stbs_set 1392672563 \
      FL C:/Users/tariqmuh/Documents/GitHub/ECE552_CamCtl/../../../../../Xilinx/14.2/ISE_DS/EDK/hw/XilinxProcessorIPLib/pcores/axi_master_burst_v1_00_a/hdl/vhdl/axi_master_burst_stbs_set.vhd \
      PB ieee/std_logic_1164 1341906176 PB ieee/NUMERIC_STD 1341906182
AR axi_master_burst_v1_00_a/axi_master_burst_stbs_set/implementation 1392672564 \
      FL C:/Users/tariqmuh/Documents/GitHub/ECE552_CamCtl/../../../../../Xilinx/14.2/ISE_DS/EDK/hw/XilinxProcessorIPLib/pcores/axi_master_burst_v1_00_a/hdl/vhdl/axi_master_burst_stbs_set.vhd \
      EN axi_master_burst_v1_00_a/axi_master_burst_stbs_set 1392672563 CP integer \
      CP std_logic_vector CP unsigned
FL C:/Users/tariqmuh/Documents/GitHub/ECE552_CamCtl/../../../../../Xilinx/14.2/ISE_DS/EDK/hw/XilinxProcessorIPLib/pcores/axi_master_burst_v1_00_a/hdl/vhdl/axi_master_burst_strb_gen.vhd 2012/07/16.03:34:22 P.28xd
EN axi_master_burst_v1_00_a/axi_master_burst_strb_gen 1392672538 \
      FL C:/Users/tariqmuh/Documents/GitHub/ECE552_CamCtl/../../../../../Xilinx/14.2/ISE_DS/EDK/hw/XilinxProcessorIPLib/pcores/axi_master_burst_v1_00_a/hdl/vhdl/axi_master_burst_strb_gen.vhd \
      PB ieee/std_logic_1164 1341906176 PB ieee/NUMERIC_STD 1341906182
AR axi_master_burst_v1_00_a/axi_master_burst_strb_gen/implementation 1392672539 \
      FL C:/Users/tariqmuh/Documents/GitHub/ECE552_CamCtl/../../../../../Xilinx/14.2/ISE_DS/EDK/hw/XilinxProcessorIPLib/pcores/axi_master_burst_v1_00_a/hdl/vhdl/axi_master_burst_strb_gen.vhd \
      EN axi_master_burst_v1_00_a/axi_master_burst_strb_gen 1392672538 CP integer \
      CP unsigned CP std_logic_vector
FL C:/Users/tariqmuh/Documents/GitHub/ECE552_CamCtl/../../../../../Xilinx/14.2/ISE_DS/EDK/hw/XilinxProcessorIPLib/pcores/axi_master_burst_v1_00_a/hdl/vhdl/axi_master_burst_wrdata_cntl.vhd 2012/07/16.03:34:22 P.28xd
EN axi_master_burst_v1_00_a/axi_master_burst_wrdata_cntl 1392672555 \
      FL C:/Users/tariqmuh/Documents/GitHub/ECE552_CamCtl/../../../../../Xilinx/14.2/ISE_DS/EDK/hw/XilinxProcessorIPLib/pcores/axi_master_burst_v1_00_a/hdl/vhdl/axi_master_burst_wrdata_cntl.vhd \
      PB ieee/std_logic_1164 1341906176 PB ieee/NUMERIC_STD 1341906182 \
      LB axi_master_burst_v1_00_a \
      EN axi_master_burst_v1_00_a/axi_master_burst_fifo 1392672536 \
      EN axi_master_burst_v1_00_a/axi_master_burst_strb_gen 1392672538
AR axi_master_burst_v1_00_a/axi_master_burst_wrdata_cntl/implementation 1392672556 \
      FL C:/Users/tariqmuh/Documents/GitHub/ECE552_CamCtl/../../../../../Xilinx/14.2/ISE_DS/EDK/hw/XilinxProcessorIPLib/pcores/axi_master_burst_v1_00_a/hdl/vhdl/axi_master_burst_wrdata_cntl.vhd \
      EN axi_master_burst_v1_00_a/axi_master_burst_wrdata_cntl 1392672555 \
      CP integer CP unsigned CP std_logic CP std_logic_vector \
      CP axi_master_burst_v1_00_a/axi_master_burst_strb_gen \
      CP axi_master_burst_v1_00_a/axi_master_burst_fifo
FL C:/Users/tariqmuh/Documents/GitHub/ECE552_CamCtl/../../../../../Xilinx/14.2/ISE_DS/EDK/hw/XilinxProcessorIPLib/pcores/axi_master_burst_v1_00_a/hdl/vhdl/axi_master_burst_wr_demux.vhd 2012/07/16.03:34:22 P.28xd
EN axi_master_burst_v1_00_a/axi_master_burst_wr_demux 1392672534 \
      FL C:/Users/tariqmuh/Documents/GitHub/ECE552_CamCtl/../../../../../Xilinx/14.2/ISE_DS/EDK/hw/XilinxProcessorIPLib/pcores/axi_master_burst_v1_00_a/hdl/vhdl/axi_master_burst_wr_demux.vhd \
      PB ieee/std_logic_1164 1341906176 PB ieee/NUMERIC_STD 1341906182
AR axi_master_burst_v1_00_a/axi_master_burst_wr_demux/implementation 1392672535 \
      FL C:/Users/tariqmuh/Documents/GitHub/ECE552_CamCtl/../../../../../Xilinx/14.2/ISE_DS/EDK/hw/XilinxProcessorIPLib/pcores/axi_master_burst_v1_00_a/hdl/vhdl/axi_master_burst_wr_demux.vhd \
      EN axi_master_burst_v1_00_a/axi_master_burst_wr_demux 1392672534 \
      CP std_logic_vector CP unsigned CP integer
FL C:/Users/tariqmuh/Documents/GitHub/ECE552_CamCtl/../../../../../Xilinx/14.2/ISE_DS/EDK/hw/XilinxProcessorIPLib/pcores/axi_master_burst_v1_00_a/hdl/vhdl/axi_master_burst_wr_llink.vhd 2012/07/16.03:34:22 P.28xd
EN axi_master_burst_v1_00_a/axi_master_burst_wr_llink 1392672579 \
      FL C:/Users/tariqmuh/Documents/GitHub/ECE552_CamCtl/../../../../../Xilinx/14.2/ISE_DS/EDK/hw/XilinxProcessorIPLib/pcores/axi_master_burst_v1_00_a/hdl/vhdl/axi_master_burst_wr_llink.vhd \
      PB ieee/std_logic_1164 1341906176 PB ieee/NUMERIC_STD 1341906182
AR axi_master_burst_v1_00_a/axi_master_burst_wr_llink/implementation 1392672580 \
      FL C:/Users/tariqmuh/Documents/GitHub/ECE552_CamCtl/../../../../../Xilinx/14.2/ISE_DS/EDK/hw/XilinxProcessorIPLib/pcores/axi_master_burst_v1_00_a/hdl/vhdl/axi_master_burst_wr_llink.vhd \
      EN axi_master_burst_v1_00_a/axi_master_burst_wr_llink 1392672579
FL C:/Users/tariqmuh/Documents/GitHub/ECE552_CamCtl/../../../../../Xilinx/14.2/ISE_DS/EDK/hw/XilinxProcessorIPLib/pcores/axi_master_burst_v1_00_a/hdl/vhdl/axi_master_burst_wr_status_cntl.vhd 2012/07/16.03:34:22 P.28xd
EN axi_master_burst_v1_00_a/axi_master_burst_wr_status_cntl 1392672557 \
      FL C:/Users/tariqmuh/Documents/GitHub/ECE552_CamCtl/../../../../../Xilinx/14.2/ISE_DS/EDK/hw/XilinxProcessorIPLib/pcores/axi_master_burst_v1_00_a/hdl/vhdl/axi_master_burst_wr_status_cntl.vhd \
      PB ieee/std_logic_1164 1341906176 PB ieee/NUMERIC_STD 1341906182 \
      LB axi_master_burst_v1_00_a \
      EN axi_master_burst_v1_00_a/axi_master_burst_fifo 1392672536
AR axi_master_burst_v1_00_a/axi_master_burst_wr_status_cntl/implementation 1392672558 \
      FL C:/Users/tariqmuh/Documents/GitHub/ECE552_CamCtl/../../../../../Xilinx/14.2/ISE_DS/EDK/hw/XilinxProcessorIPLib/pcores/axi_master_burst_v1_00_a/hdl/vhdl/axi_master_burst_wr_status_cntl.vhd \
      EN axi_master_burst_v1_00_a/axi_master_burst_wr_status_cntl 1392672557 \
      CP std_logic_vector CP axi_master_burst_v1_00_a/axi_master_burst_fifo \
      CP integer CP std_logic
